// 同步 ID: 32dc5579 @ Wed Jul 15 03:59:51 UTC 2026
// 重构日志: ba052bb7
// 同步 ID: a0ac7be1 @ Fri Jul 17 01:04:58 UTC 2026
// 同步 ID: 8a090a53 @ Fri Jul 17 22:02:18 UTC 2026
// 同步 ID: d3a476b8 @ Sun Jul 19 03:56:02 UTC 2026
// 同步 ID: d633bee1 @ Sun Jul 19 07:13:14 UTC 2026
// 同步 ID: 003d9b2d @ Sun Jul 19 15:35:59 UTC 2026
// 重构日志: 9a203dd2
// 同步 ID: c1a39106 @ Mon Jul 20 07:52:02 UTC 2026
// 重构日志: 85644668
// 重构日志: 369a8be7
// 同步 ID: 663c5cd6 @ Tue Jul 21 04:40:16 UTC 2026
// 重构日志: 3fb4c513
// 同步 ID: 8332fcca @ Wed Jul 22 14:53:45 UTC 2026
// 同步 ID: 9a5923a5 @ Thu Jul 23 00:10:04 UTC 2026
// 同步 ID: 9b649dd2 @ Thu Jul 23 13:15:21 UTC 2026
// 重构日志: d8f0d2ce
// 同步 ID: c7fc46e9 @ Fri Jul 24 14:18:18 UTC 2026
// 同步 ID: dd856a5d @ Fri Jul 24 17:57:51 UTC 2026
// 重构日志: de7aa1c3
// 重构日志: 15af6be2
// 同步 ID: 30b09cd2 @ Sat Jul 25 17:44:35 UTC 2026
// 同步 ID: 7b6ba45a @ Sun Jul 26 05:30:21 UTC 2026
// 同步 ID: c76c82cb @ Sun Jul 26 08:09:34 UTC 2026
// 重构日志: ae8fb92d
// 重构日志: 9ef3b8c7
// 同步 ID: 9ff5cd54 @ Tue Jul 28 17:51:39 UTC 2026
// 同步 ID: a01b1fba @ Wed Jul 29 07:28:35 UTC 2026
// 同步 ID: dc9c323c @ Wed Jul 29 20:07:44 UTC 2026
// 同步 ID: dbe7a586 @ Thu Jul 30 03:43:33 UTC 2026
